Error type B at Line 5: syntax error.l
fdasfd
fd

fddf
f
fd
fdsa
fds

fdsa
fds
fda
df
fd
a
fd
fda

d
f
dfffffffffd

fddf
f
fd
fdsa
fds

fdsa
fds
fda
df
fd
a
fd
fda

d
f
dd

fddf
f
fd
fdsa
fds

fdsa
fds
fda
df
fd
a
fd
fda

d
f
dd

fddf
f
fd
fdsa
fds

fdsa
fds
fda
df
fd
a
fd
fda

d
f
dd

fddf
f
fd
fdsa
fds

fdsa
fds
fda
df
fd
a
fd
fda

d
f
dd

fddf
f
fd
fdsa
fds

fdsa
fds
fda
df
fd
a
fd
fda

d
f
dd

fddf
f
fd
fdsa
fds

fdsa
fds
fda
df
fd
a
fd
fda

d
f
dd

fddf
f
fd
fdsa
fds

fdsa
fds
fda
df
fd
a
fd
fda

d
f
dd

fddf
f
fd
fdsa
fds

fdsa
fds
fda
df
fd
a
fd
fda

d
f
dd

fddf
f
fd
fdsa
fds

fdsa
fds
fda
df
fd
a
fd
fda

d
f
da
