Program (1)
  ExtDefList (1)
    ExtDef (1)
      Specifier (1)
        TYPE: int
      FunDec (1)
        ID: qOqOIVU
        LP
        VarList (1)
          ParamDec (1)
            Specifier (1)
              TYPE: int
            VarDec (1)
              ID: ksvfKB5
          COMMA
          VarList (1)
            ParamDec (1)
              Specifier (1)
                TYPE: int
              VarDec (1)
                VarDec (1)
                  ID: TzE4Ef9z
                LB
                INT: 693
                RB
            COMMA
            VarList (1)
              ParamDec (1)
                Specifier (1)
                  TYPE: float
                VarDec (1)
                  VarDec (1)
                    ID: tyWQdHk
                  LB
                  INT: 4062
                  RB
              COMMA
              VarList (1)
                ParamDec (1)
                  Specifier (1)
                    TYPE: float
                  VarDec (1)
                    ID: IVdEuY_B
        RP
      CompSt (1)
        LC
        StmtList (2)
          Stmt (2)
            Exp (2)
              Exp (2)
                FLOAT: 1280.000000
              DOT
              ID: O1RGn
            SEMI
          StmtList (3)
            Stmt (3)
              IF
              LP
              Exp (3)
                INT: 7161048
              RP
              Stmt (3)
                Exp (3)
                  MINUS
                  Exp (3)
                    FLOAT: 67610.000000
                SEMI
              ELSE
              Stmt (4)
                Exp (4)
                  Exp (4)
                    Exp (4)
                      Exp (4)
                        Exp (4)
                          Exp (4)
                            ID: jQf6mDox_R
                          RELOP
                          Exp (4)
                            Exp (4)
                              INT: 4335
                            MINUS
                            Exp (4)
                              ID: TwNZ
                              LP
                              RP
                        RELOP
                        Exp (4)
                          Exp (4)
                            Exp (4)
                              FLOAT: 283.247009
                            DOT
                            ID: LrSnlNS
                          DIV
                          Exp (4)
                            MINUS
                            Exp (4)
                              NOT
                              Exp (4)
                                ID: hNsc
                      OR
                      Exp (4)
                        Exp (4)
                          FLOAT: 868100.000000
                        DIV
                        Exp (4)
                          NOT
                          Exp (4)
                            Exp (4)
                              FLOAT: 3487.830078
                            DOT
                            ID: PnsPJGbnDmw
                    OR
                    Exp (4)
                      Exp (4)
                        NOT
                        Exp (4)
                          FLOAT: 6053.870117
                      MINUS
                      Exp (4)
                        LP
                        Exp (4)
                          INT: 56594
                        RP
                  ASSIGNOP
                  Exp (4)
                    Exp (4)
                      Exp (4)
                        Exp (4)
                          Exp (4)
                            Exp (4)
                              MINUS
                              Exp (4)
                                MINUS
                                Exp (4)
                                  INT: 62894
                            MINUS
                            Exp (4)
                              ID: dBiDlE
                              LP
                              RP
                          MINUS
                          Exp (4)
                            FLOAT: 12.917000
                        RELOP
                        Exp (4)
                          Exp (4)
                            INT: 46558
                          STAR
                          Exp (4)
                            Exp (4)
                              Exp (4)
                                FLOAT: 78770003968.000000
                              DOT
                              ID: DhF3W8iVy
                            LB
                            Exp (4)
                              ID: ZKq5pd
                            RB
                      AND
                      Exp (4)
                        Exp (4)
                          Exp (4)
                            Exp (4)
                              FLOAT: 237400000.000000
                            DIV
                            Exp (4)
                              Exp (4)
                                Exp (4)
                                  Exp (4)
                                    INT: 3702
                                  DOT
                                  ID: _2GeF4lIY0
                                DOT
                                ID: AjQjXvCMN
                              DOT
                              ID: _Z8w
                          PLUS
                          Exp (4)
                            INT: 134
                        RELOP
                        Exp (4)
                          NOT
                          Exp (4)
                            INT: 51
                    OR
                    Exp (4)
                      Exp (4)
                        Exp (4)
                          Exp (4)
                            Exp (4)
                              Exp (4)
                                ID: hb3r7HcuxDv
                              STAR
                              Exp (4)
                                INT: 110
                            STAR
                            Exp (4)
                              INT: 3529
                          STAR
                          Exp (4)
                            Exp (4)
                              ID: si3YDDFC
                              LP
                              Args (4)
                                Exp (4)
                                  FLOAT: 0.000004
                                COMMA
                                Args (4)
                                  Exp (4)
                                    Exp (4)
                                      Exp (4)
                                        INT: 7368
                                      RELOP
                                      Exp (4)
                                        ID: MbN
                                    ASSIGNOP
                                    Exp (4)
                                      FLOAT: 1.180000
                                  COMMA
                                  Args (4)
                                    Exp (4)
                                      ID: Z7RfcQ
                                    COMMA
                                    Args (4)
                                      Exp (4)
                                        LP
                                        Exp (4)
                                          ID: tk9X8z
                                        RP
                                      COMMA
                                      Args (4)
                                        Exp (4)
                                          Exp (4)
                                            Exp (4)
                                              NOT
                                              Exp (4)
                                                INT: 453392
                                            OR
                                            Exp (4)
                                              ID: AFMH6kg
                                              LP
                                              Args (4)
                                                Exp (4)
                                                  INT: 65633
                                                COMMA
                                                Args (4)
                                                  Exp (4)
                                                    ID: vfvjJwuWbGnRR
                                                    LP
                                                    Args (4)
                                                      Exp (4)
                                                        FLOAT: 28415500.000000
                                                    RP
                                                  COMMA
                                                  Args (4)
                                                    Exp (4)
                                                      ID: WpkBEk
                                                      LP
                                                      Args (4)
                                                        Exp (4)
                                                          Exp (4)
                                                            Exp (4)
                                                              NOT
                                                              Exp (4)
                                                                Exp (4)
                                                                  INT: 3666
                                                                DOT
                                                                ID: g0QOoc8
                                                            MINUS
                                                            Exp (4)
                                                              Exp (4)
                                                                ID: nJCr9Mj
                                                              LB
                                                              Exp (4)
                                                                INT: 2935
                                                              RB
                                                          AND
                                                          Exp (4)
                                                            ID: RtF
                                                            LP
                                                            RP
                                                        COMMA
                                                        Args (4)
                                                          Exp (4)
                                                            INT: 233
                                                          COMMA
                                                          Args (4)
                                                            Exp (4)
                                                              Exp (4)
                                                                Exp (4)
                                                                  INT: 64088
                                                                DIV
                                                                Exp (4)
                                                                  ID: ezWPuAbj5
                                                              OR
                                                              Exp (4)
                                                                LP
                                                                Exp (4)
                                                                  Exp (4)
                                                                    Exp (4)
                                                                      Exp (4)
                                                                        INT: 39
                                                                      PLUS
                                                                      Exp (4)
                                                                        INT: 4002
                                                                    MINUS
                                                                    Exp (4)
                                                                      INT: 370
                                                                  PLUS
                                                                  Exp (4)
                                                                    ID: lKiv3m3
                                                                    LP
                                                                    Args (4)
                                                                      Exp (4)
                                                                        FLOAT: 9.220000
                                                                    RP
                                                                RP
                                                      RP
                                              RP
                                          ASSIGNOP
                                          Exp (4)
                                            ID: hxj0gU3
                                            LP
                                            RP
                                        COMMA
                                        Args (4)
                                          Exp (4)
                                            FLOAT: 75.725998
                                          COMMA
                                          Args (4)
                                            Exp (4)
                                              ID: FqXHuZ
                                              LP
                                              Args (4)
                                                Exp (4)
                                                  Exp (4)
                                                    FLOAT: 0.400000
                                                  OR
                                                  Exp (4)
                                                    FLOAT: 742.296021
                                                COMMA
                                                Args (4)
                                                  Exp (4)
                                                    INT: 470917
                                                  COMMA
                                                  Args (4)
                                                    Exp (4)
                                                      Exp (4)
                                                        ID: vpaAJms
                                                      OR
                                                      Exp (4)
                                                        ID: VJtbDcpDb
                                              RP
                              RP
                            LB
                            Exp (4)
                              ID: naoXnzc2li
                            RB
                        DIV
                        Exp (4)
                          INT: 23
                      MINUS
                      Exp (4)
                        NOT
                        Exp (4)
                          ID: OIZUHL6D
                SEMI
            StmtList (5)
              Stmt (5)
                Exp (5)
                  ID: yV0bRvY7
                SEMI
              StmtList (6)
                Stmt (6)
                  Exp (6)
                    Exp (6)
                      Exp (6)
                        Exp (6)
                          Exp (6)
                            ID: f6qwtS
                            LP
                            Args (6)
                              Exp (6)
                                FLOAT: 52.230000
                              COMMA
                              Args (6)
                                Exp (6)
                                  FLOAT: 374.170990
                            RP
                          STAR
                          Exp (6)
                            NOT
                            Exp (6)
                              Exp (6)
                                INT: 466194
                              DOT
                              ID: z9jSu
                        OR
                        Exp (6)
                          NOT
                          Exp (6)
                            INT: 573160
                      OR
                      Exp (6)
                        Exp (6)
                          Exp (6)
                            MINUS
                            Exp (6)
                              ID: WwTYJ6
                              LP
                              Args (6)
                                Exp (6)
                                  Exp (6)
                                    Exp (6)
                                      Exp (6)
                                        ID: dS_p0bNKW
                                      LB
                                      Exp (6)
                                        FLOAT: 32.965000
                                      RB
                                    OR
                                    Exp (6)
                                      Exp (6)
                                        INT: 20789
                                      RELOP
                                      Exp (6)
                                        ID: VVqmume
                                  ASSIGNOP
                                  Exp (6)
                                    Exp (6)
                                      Exp (6)
                                        ID: jBCaXvhh6h
                                      STAR
                                      Exp (6)
                                        ID: eEk3I9fZ
                                    OR
                                    Exp (6)
                                      NOT
                                      Exp (6)
                                        Exp (6)
                                          FLOAT: 8814500.000000
                                        DOT
                                        ID: TU20Ajx
                              RP
                          STAR
                          Exp (6)
                            ID: u34w7hJeuJ
                        PLUS
                        Exp (6)
                          ID: jR3kkQycj
                    OR
                    Exp (6)
                      Exp (6)
                        Exp (6)
                          Exp (6)
                            INT: 17200
                          LB
                          Exp (6)
                            Exp (6)
                              ID: DPUNuf7e
                            DOT
                            ID: uMorHnEO
                          RB
                        MINUS
                        Exp (6)
                          ID: IQKSCWzG
                      RELOP
                      Exp (6)
                        Exp (6)
                          Exp (6)
                            FLOAT: 28.901699
                          DIV
                          Exp (6)
                            FLOAT: 705.710999
                        MINUS
                        Exp (6)
                          ID: peFAJu
                          LP
                          RP
                  SEMI
                StmtList (7)
                  Stmt (7)
                    Exp (7)
                      ID: X8OkQ5cV
                    SEMI
                  StmtList (8)
                    Stmt (8)
                      RETURN
                      Exp (8)
                        Exp (8)
                          Exp (8)
                            Exp (8)
                              FLOAT: 98789998592.000000
                            STAR
                            Exp (8)
                              INT: 43
                          DIV
                          Exp (8)
                            ID: e5Xd8lL
                            LP
                            Args (8)
                              Exp (8)
                                Exp (8)
                                  LP
                                  Exp (8)
                                    ID: wZDPNRBM
                                    LP
                                    Args (8)
                                      Exp (8)
                                        FLOAT: 706.559998
                                      COMMA
                                      Args (8)
                                        Exp (8)
                                          Exp (8)
                                            FLOAT: 45.029999
                                          ASSIGNOP
                                          Exp (8)
                                            FLOAT: 2691000.000000
                                    RP
                                  RP
                                ASSIGNOP
                                Exp (8)
                                  Exp (8)
                                    Exp (8)
                                      FLOAT: 98.790001
                                    STAR
                                    Exp (8)
                                      FLOAT: 6942000.000000
                                  AND
                                  Exp (8)
                                    Exp (8)
                                      ID: QgndqYwM
                                    DIV
                                    Exp (8)
                                      Exp (8)
                                        FLOAT: 76033088.000000
                                      DOT
                                      ID: dPZPN
                              COMMA
                              Args (8)
                                Exp (8)
                                  NOT
                                  Exp (8)
                                    INT: 258324
                            RP
                        STAR
                        Exp (8)
                          FLOAT: 53.419998
                      SEMI
                    StmtList (9)
                      Stmt (9)
                        WHILE
                        LP
                        Exp (9)
                          ID: ULEdZCWoQ
                          LP
                          RP
                        RP
                        Stmt (9)
                          WHILE
                          LP
                          Exp (9)
                            Exp (9)
                              ID: nLmkz2cX
                              LP
                              Args (9)
                                Exp (9)
                                  INT: 221
                                COMMA
                                Args (9)
                                  Exp (9)
                                    Exp (9)
                                      NOT
                                      Exp (9)
                                        ID: ejtG
                                    AND
                                    Exp (9)
                                      INT: 55
                                  COMMA
                                  Args (9)
                                    Exp (9)
                                      Exp (9)
                                        INT: 2843
                                      ASSIGNOP
                                      Exp (9)
                                        Exp (9)
                                          FLOAT: 7350.299805
                                        STAR
                                        Exp (9)
                                          INT: 2008
                                    COMMA
                                    Args (9)
                                      Exp (9)
                                        ID: kcVlY9
                                        LP
                                        RP
                              RP
                            OR
                            Exp (9)
                              ID: b7ymOphb6h
                          RP
                          Stmt (9)
                            Exp (9)
                              FLOAT: 34.389999
                            SEMI
                      StmtList (10)
                        Stmt (10)
                          Exp (10)
                            Exp (10)
                              NOT
                              Exp (10)
                                ID: liIy27T
                            OR
                            Exp (10)
                              Exp (10)
                                INT: 11
                              AND
                              Exp (10)
                                Exp (10)
                                  INT: 4992
                                PLUS
                                Exp (10)
                                  Exp (10)
                                    Exp (10)
                                      ID: VXemt1
                                    LB
                                    Exp (10)
                                      Exp (10)
                                        FLOAT: 92.752899
                                      LB
                                      Exp (10)
                                        Exp (10)
                                          ID: HyrKc84
                                        RELOP
                                        Exp (10)
                                          Exp (10)
                                            Exp (10)
                                              FLOAT: 16.879999
                                            LB
                                            Exp (10)
                                              Exp (10)
                                                NOT
                                                Exp (10)
                                                  INT: 195
                                              ASSIGNOP
                                              Exp (10)
                                                Exp (10)
                                                  FLOAT: 564.244019
                                                AND
                                                Exp (10)
                                                  FLOAT: 87730000.000000
                                            RB
                                          MINUS
                                          Exp (10)
                                            INT: 3007
                                      RB
                                    RB
                                  LB
                                  Exp (10)
                                    Exp (10)
                                      ID: b1nyMC09s
                                    ASSIGNOP
                                    Exp (10)
                                      Exp (10)
                                        Exp (10)
                                          Exp (10)
                                            ID: nRIFS5
                                          STAR
                                          Exp (10)
                                            MINUS
                                            Exp (10)
                                              ID: VZbtb
                                        PLUS
                                        Exp (10)
                                          ID: kn4w2V
                                          LP
                                          Args (10)
                                            Exp (10)
                                              ID: YtSAo1S
                                          RP
                                      OR
                                      Exp (10)
                                        Exp (10)
                                          ID: esbPJA2
                                        AND
                                        Exp (10)
                                          Exp (10)
                                            LP
                                            Exp (10)
                                              INT: 21057
                                            RP
                                          DIV
                                          Exp (10)
                                            ID: PDUECHd
                                            LP
                                            RP
                                  RB
                          SEMI
        RC
    ExtDefList (12)
      ExtDef (12)
        Specifier (12)
          TYPE: int
        SEMI
      ExtDefList (13)
        ExtDef (13)
          Specifier (13)
            StructSpecifier (13)
              STRUCT
              Tag (13)
                ID: POlKtvljiF
          SEMI
