Program (1)
  ExtDefList (1)
    ExtDef (1)
      Specifier (1)
        StructSpecifier (1)
          STRUCT
          Tag (1)
            ID: MXqNC1Z
      FunDec (1)
        ID: WXEtes
        LP
        RP
      CompSt (1)
        LC
        StmtList (2)
          Stmt (2)
            WHILE
            LP
            Exp (2)
              LP
              Exp (2)
                FLOAT: 656.140015
              RP
            RP
            Stmt (2)
              Exp (2)
                ID: ccMpyNtY
                LP
                Args (2)
                  Exp (2)
                    FLOAT: 10715000.000000
                RP
              SEMI
          StmtList (3)
            Stmt (3)
              Exp (3)
                FLOAT: 101592997888.000000
              SEMI
        RC
    ExtDefList (5)
      ExtDef (5)
        Specifier (5)
          TYPE: float
        FunDec (5)
          ID: H4M6jPe
          LP
          RP
        CompSt (5)
          LC
          StmtList (6)
            Stmt (6)
              Exp (6)
                Exp (6)
                  INT: 59084
                ASSIGNOP
                Exp (6)
                  MINUS
                  Exp (6)
                    FLOAT: 546.099976
              SEMI
            StmtList (7)
              Stmt (7)
                IF
                LP
                Exp (7)
                  Exp (7)
                    ID: WNKY3HMD
                  ASSIGNOP
                  Exp (7)
                    Exp (7)
                      LP
                      Exp (7)
                        Exp (7)
                          Exp (7)
                            Exp (7)
                              Exp (7)
                                Exp (7)
                                  Exp (7)
                                    INT: 56334
                                  LB
                                  Exp (7)
                                    ID: EMV86
                                  RB
                                PLUS
                                Exp (7)
                                  Exp (7)
                                    LP
                                    Exp (7)
                                      ID: SWrYPnwy
                                    RP
                                  DIV
                                  Exp (7)
                                    MINUS
                                    Exp (7)
                                      NOT
                                      Exp (7)
                                        ID: YstB
                                        LP
                                        Args (7)
                                          Exp (7)
                                            Exp (7)
                                              Exp (7)
                                                Exp (7)
                                                  ID: goyJrPc
                                                MINUS
                                                Exp (7)
                                                  FLOAT: 59.250000
                                              MINUS
                                              Exp (7)
                                                Exp (7)
                                                  ID: wvPe71oHnn
                                                  LP
                                                  RP
                                                DOT
                                                ID: MWdB23OB
                                            OR
                                            Exp (7)
                                              Exp (7)
                                                INT: 1559
                                              AND
                                              Exp (7)
                                                FLOAT: 6.700000
                                        RP
                              MINUS
                              Exp (7)
                                NOT
                                Exp (7)
                                  ID: DSNmwJe
                            RELOP
                            Exp (7)
                              Exp (7)
                                NOT
                                Exp (7)
                                  ID: G3KpVD_bx17
                              DIV
                              Exp (7)
                                ID: SwcOFMsOQHu
                          AND
                          Exp (7)
                            Exp (7)
                              Exp (7)
                                Exp (7)
                                  FLOAT: 6985.799805
                                STAR
                                Exp (7)
                                  FLOAT: 316.910004
                              PLUS
                              Exp (7)
                                Exp (7)
                                  Exp (7)
                                    INT: 442
                                  DOT
                                  ID: W4WkgsZL
                                STAR
                                Exp (7)
                                  INT: 2928
                            RELOP
                            Exp (7)
                              FLOAT: 1549.780029
                        ASSIGNOP
                        Exp (7)
                          Exp (7)
                            LP
                            Exp (7)
                              Exp (7)
                                Exp (7)
                                  FLOAT: 9.190000
                                DIV
                                Exp (7)
                                  ID: N4X1tzV
                                  LP
                                  Args (7)
                                    Exp (7)
                                      ID: HAaUfetF0
                                      LP
                                      RP
                                  RP
                              OR
                              Exp (7)
                                Exp (7)
                                  ID: ROPirxx3I
                                RELOP
                                Exp (7)
                                  Exp (7)
                                    INT: 5559
                                  STAR
                                  Exp (7)
                                    ID: YD8887c
                            RP
                          MINUS
                          Exp (7)
                            ID: SoiaV
                      RP
                    DOT
                    ID: K2vDHe
                RP
                Stmt (7)
                  RETURN
                  Exp (7)
                    Exp (7)
                      MINUS
                      Exp (7)
                        INT: 61883
                    RELOP
                    Exp (7)
                      Exp (7)
                        Exp (7)
                          Exp (7)
                            FLOAT: 465.000000
                          PLUS
                          Exp (7)
                            Exp (7)
                              NOT
                              Exp (7)
                                ID: cz_Peoa
                            STAR
                            Exp (7)
                              FLOAT: 80.710999
                        MINUS
                        Exp (7)
                          INT: 52
                      PLUS
                      Exp (7)
                        ID: lgSLejAt
                  SEMI
              StmtList (8)
                Stmt (8)
                  WHILE
                  LP
                  Exp (8)
                    ID: Y1g7Udiw
                  RP
                  Stmt (8)
                    Exp (8)
                      FLOAT: 0.000523
                    SEMI
          RC
      ExtDefList (10)
        ExtDef (10)
          Specifier (10)
            StructSpecifier (10)
              STRUCT
              LC
              DefList (11)
                Def (11)
                  Specifier (11)
                    StructSpecifier (11)
                      STRUCT
                      OptTag (11)
                        ID: BkKGn1vTk9M
                      LC
                      RC
                  DecList (13)
                    Dec (13)
                      VarDec (13)
                        ID: pl7Ngj
                      ASSIGNOP
                      Exp (13)
                        INT: 955
                  SEMI
              RC
          FunDec (15)
            ID: Na0lp3F
            LP
            VarList (15)
              ParamDec (15)
                Specifier (15)
                  StructSpecifier (15)
                    STRUCT
                    Tag (15)
                      ID: qUy1J
                VarDec (15)
                  ID: SHfaGScjXW0
            RP
          CompSt (15)
            LC
            DefList (16)
              Def (16)
                Specifier (16)
                  StructSpecifier (16)
                    STRUCT
                    Tag (16)
                      ID: gSl_Z7Lp
                DecList (16)
                  Dec (16)
                    VarDec (16)
                      ID: LG3ol9Bf
                SEMI
              DefList (17)
                Def (17)
                  Specifier (17)
                    TYPE: int
                  DecList (17)
                    Dec (17)
                      VarDec (17)
                        VarDec (17)
                          ID: SFfzNLa
                        LB
                        INT: 274
                        RB
                    COMMA
                    DecList (17)
                      Dec (17)
                        VarDec (17)
                          VarDec (17)
                            ID: hLEBcrG
                          LB
                          INT: 2293
                          RB
                        ASSIGNOP
                        Exp (17)
                          Exp (17)
                            Exp (17)
                              Exp (17)
                                NOT
                                Exp (17)
                                  INT: 7340
                              STAR
                              Exp (17)
                                FLOAT: 752.440002
                            DIV
                            Exp (17)
                              NOT
                              Exp (17)
                                INT: 5836
                          ASSIGNOP
                          Exp (17)
                            Exp (17)
                              FLOAT: 27704320000.000000
                            RELOP
                            Exp (17)
                              FLOAT: 7142.439941
                  SEMI
            StmtList (18)
              Stmt (18)
                WHILE
                LP
                Exp (18)
                  Exp (18)
                    NOT
                    Exp (18)
                      ID: p9R_UJ
                  DIV
                  Exp (18)
                    INT: 60155
                RP
                Stmt (18)
                  Exp (18)
                    Exp (18)
                      Exp (18)
                        NOT
                        Exp (18)
                          Exp (18)
                            INT: 2666
                          LB
                          Exp (18)
                            INT: 1195
                          RB
                      AND
                      Exp (18)
                        FLOAT: 95.269997
                    ASSIGNOP
                    Exp (18)
                      Exp (18)
                        Exp (18)
                          Exp (18)
                            Exp (18)
                              ID: vWyIhG
                            OR
                            Exp (18)
                              Exp (18)
                                Exp (18)
                                  Exp (18)
                                    Exp (18)
                                      FLOAT: 2581.800049
                                    DIV
                                    Exp (18)
                                      ID: wSVEixb
                                      LP
                                      Args (18)
                                        Exp (18)
                                          LP
                                          Exp (18)
                                            ID: e7B
                                          RP
                                        COMMA
                                        Args (18)
                                          Exp (18)
                                            ID: Fr0_RWK3
                                          COMMA
                                          Args (18)
                                            Exp (18)
                                              Exp (18)
                                                Exp (18)
                                                  FLOAT: 33.400002
                                                MINUS
                                                Exp (18)
                                                  ID: AMEbtRk7
                                                  LP
                                                  Args (18)
                                                    Exp (18)
                                                      Exp (18)
                                                        MINUS
                                                        Exp (18)
                                                          ID: UfOzUnxmn
                                                      AND
                                                      Exp (18)
                                                        ID: uKrZleO
                                                    COMMA
                                                    Args (18)
                                                      Exp (18)
                                                        Exp (18)
                                                          FLOAT: 4.020000
                                                        LB
                                                        Exp (18)
                                                          ID: Ubf_fvwq
                                                        RB
                                                      COMMA
                                                      Args (18)
                                                        Exp (18)
                                                          Exp (18)
                                                            Exp (18)
                                                              Exp (18)
                                                                ID: XFXqWom
                                                                LP
                                                                RP
                                                              MINUS
                                                              Exp (18)
                                                                Exp (18)
                                                                  ID: h82S32gEp
                                                                DIV
                                                                Exp (18)
                                                                  ID: wnSt_An
                                                            MINUS
                                                            Exp (18)
                                                              Exp (18)
                                                                FLOAT: 53610.000000
                                                              LB
                                                              Exp (18)
                                                                Exp (18)
                                                                  NOT
                                                                  Exp (18)
                                                                    NOT
                                                                    Exp (18)
                                                                      Exp (18)
                                                                        LP
                                                                        Exp (18)
                                                                          INT: 22408
                                                                        RP
                                                                      LB
                                                                      Exp (18)
                                                                        Exp (18)
                                                                          INT: 610
                                                                        MINUS
                                                                        Exp (18)
                                                                          Exp (18)
                                                                            ID: lp0
                                                                            LP
                                                                            Args (18)
                                                                              Exp (18)
                                                                                ID: d64oHu
                                                                            RP
                                                                          STAR
                                                                          Exp (18)
                                                                            FLOAT: 95.419998
                                                                      RB
                                                                STAR
                                                                Exp (18)
                                                                  INT: 917460
                                                              RB
                                                          OR
                                                          Exp (18)
                                                            Exp (18)
                                                              ID: rIXs_6T
                                                            AND
                                                            Exp (18)
                                                              Exp (18)
                                                                Exp (18)
                                                                  Exp (18)
                                                                    ID: HfTfjF
                                                                  STAR
                                                                  Exp (18)
                                                                    INT: 30515
                                                                RELOP
                                                                Exp (18)
                                                                  LP
                                                                  Exp (18)
                                                                    ID: E9RhGl
                                                                  RP
                                                              RELOP
                                                              Exp (18)
                                                                Exp (18)
                                                                  INT: 1136
                                                                STAR
                                                                Exp (18)
                                                                  NOT
                                                                  Exp (18)
                                                                    INT: 3628
                                                  RP
                                              AND
                                              Exp (18)
                                                MINUS
                                                Exp (18)
                                                  ID: qaZ1
                                                  LP
                                                  RP
                                      RP
                                  PLUS
                                  Exp (18)
                                    Exp (18)
                                      FLOAT: 345000000.000000
                                    LB
                                    Exp (18)
                                      Exp (18)
                                        Exp (18)
                                          ID: qoEoMtP8sSZ
                                        STAR
                                        Exp (18)
                                          INT: 6593
                                      OR
                                      Exp (18)
                                        Exp (18)
                                          ID: BwFrviHr
                                        DOT
                                        ID: uSCm
                                    RB
                                MINUS
                                Exp (18)
                                  ID: HyFLMzhuo
                                  LP
                                  Args (18)
                                    Exp (18)
                                      LP
                                      Exp (18)
                                        Exp (18)
                                          Exp (18)
                                            FLOAT: 500.000000
                                          MINUS
                                          Exp (18)
                                            Exp (18)
                                              ID: Btyz4
                                            DIV
                                            Exp (18)
                                              MINUS
                                              Exp (18)
                                                ID: KXMBClS
                                                LP
                                                Args (18)
                                                  Exp (18)
                                                    FLOAT: 9.600000
                                                RP
                                        ASSIGNOP
                                        Exp (18)
                                          FLOAT: 15.255000
                                      RP
                                    COMMA
                                    Args (18)
                                      Exp (18)
                                        FLOAT: 0.000358
                                      COMMA
                                      Args (18)
                                        Exp (18)
                                          INT: 21629
                                        COMMA
                                        Args (18)
                                          Exp (18)
                                            LP
                                            Exp (18)
                                              FLOAT: 37.672401
                                            RP
                                          COMMA
                                          Args (18)
                                            Exp (18)
                                              Exp (18)
                                                Exp (18)
                                                  Exp (18)
                                                    NOT
                                                    Exp (18)
                                                      INT: 163
                                                  RELOP
                                                  Exp (18)
                                                    Exp (18)
                                                      INT: 3658
                                                    PLUS
                                                    Exp (18)
                                                      Exp (18)
                                                        Exp (18)
                                                          ID: yL6xh5
                                                        STAR
                                                        Exp (18)
                                                          MINUS
                                                          Exp (18)
                                                            FLOAT: 8500400.000000
                                                      DIV
                                                      Exp (18)
                                                        Exp (18)
                                                          ID: uLS9TeE
                                                        DOT
                                                        ID: A2MfQxEY_e
                                                AND
                                                Exp (18)
                                                  Exp (18)
                                                    MINUS
                                                    Exp (18)
                                                      ID: lMVSqF9
                                                  DIV
                                                  Exp (18)
                                                    ID: jcMeGh5H
                                                    LP
                                                    RP
                                              ASSIGNOP
                                              Exp (18)
                                                Exp (18)
                                                  ID: aW2Eh4AdG8
                                                DOT
                                                ID: tEa2
                                            COMMA
                                            Args (18)
                                              Exp (18)
                                                INT: 166573
                                              COMMA
                                              Args (18)
                                                Exp (18)
                                                  ID: rxrKN
                                                  LP
                                                  RP
                                  RP
                              MINUS
                              Exp (18)
                                ID: xx_5OALsK
                          OR
                          Exp (18)
                            Exp (18)
                              FLOAT: 28.063000
                            LB
                            Exp (18)
                              ID: ilmN3F1
                            RB
                        OR
                        Exp (18)
                          INT: 10165
                      ASSIGNOP
                      Exp (18)
                        Exp (18)
                          FLOAT: 9.234170
                        AND
                        Exp (18)
                          Exp (18)
                            Exp (18)
                              Exp (18)
                                Exp (18)
                                  INT: 2606
                                LB
                                Exp (18)
                                  Exp (18)
                                    FLOAT: 28.900000
                                  MINUS
                                  Exp (18)
                                    FLOAT: 458600.000000
                                RB
                              DOT
                              ID: b_L0fZ8E
                            DIV
                            Exp (18)
                              Exp (18)
                                Exp (18)
                                  ID: dPfb2GftZAqh
                                LB
                                Exp (18)
                                  ID: HfLDm
                                RB
                              DOT
                              ID: P5PiUbbN9
                          PLUS
                          Exp (18)
                            Exp (18)
                              Exp (18)
                                INT: 11000
                              DOT
                              ID: OAC1DOfW
                            DIV
                            Exp (18)
                              FLOAT: 3018300.000000
                  SEMI
              StmtList (19)
                Stmt (19)
                  Exp (19)
                    INT: 3057
                  SEMI
                StmtList (20)
                  Stmt (20)
                    Exp (20)
                      Exp (20)
                        INT: 3647
                      OR
                      Exp (20)
                        Exp (20)
                          INT: 18950
                        MINUS
                        Exp (20)
                          Exp (20)
                            LP
                            Exp (20)
                              Exp (20)
                                INT: 254
                              DIV
                              Exp (20)
                                ID: f0sElvnC
                                LP
                                RP
                            RP
                          LB
                          Exp (20)
                            ID: z8VwxDj5
                          RB
                    SEMI
                  StmtList (21)
                    Stmt (21)
                      Exp (21)
                        Exp (21)
                          INT: 31711
                        LB
                        Exp (21)
                          Exp (21)
                            FLOAT: 59.220001
                          OR
                          Exp (21)
                            Exp (21)
                              NOT
                              Exp (21)
                                MINUS
                                Exp (21)
                                  ID: KPr0QC
                            RELOP
                            Exp (21)
                              INT: 290
                        RB
                      SEMI
                    StmtList (22)
                      Stmt (22)
                        CompSt (22)
                          LC
                          StmtList (23)
                            Stmt (23)
                              Exp (23)
                                Exp (23)
                                  Exp (23)
                                    Exp (23)
                                      INT: 9668
                                    AND
                                    Exp (23)
                                      Exp (23)
                                        Exp (23)
                                          Exp (23)
                                            FLOAT: 94.070999
                                          LB
                                          Exp (23)
                                            INT: 5024
                                          RB
                                        PLUS
                                        Exp (23)
                                          Exp (23)
                                            INT: 56
                                          LB
                                          Exp (23)
                                            ID: K27rNT5t
                                            LP
                                            RP
                                          RB
                                      MINUS
                                      Exp (23)
                                        FLOAT: 112.000000
                                  OR
                                  Exp (23)
                                    Exp (23)
                                      MINUS
                                      Exp (23)
                                        ID: WqNuk2PR
                                    MINUS
                                    Exp (23)
                                      LP
                                      Exp (23)
                                        ID: A1OFwTcfJ
                                      RP
                                OR
                                Exp (23)
                                  ID: C1iQUvGF
                              SEMI
                            StmtList (24)
                              Stmt (24)
                                RETURN
                                Exp (24)
                                  Exp (24)
                                    Exp (24)
                                      LP
                                      Exp (24)
                                        ID: TJP0w4mc
                                        LP
                                        Args (24)
                                          Exp (24)
                                            ID: gb1zy_
                                          COMMA
                                          Args (24)
                                            Exp (24)
                                              Exp (24)
                                                Exp (24)
                                                  FLOAT: 0.000125
                                                RELOP
                                                Exp (24)
                                                  NOT
                                                  Exp (24)
                                                    ID: fP80Qv
                                              OR
                                              Exp (24)
                                                Exp (24)
                                                  Exp (24)
                                                    MINUS
                                                    Exp (24)
                                                      INT: 1517
                                                  RELOP
                                                  Exp (24)
                                                    FLOAT: 209.229996
                                                AND
                                                Exp (24)
                                                  ID: eemFVCqsQ
                                            COMMA
                                            Args (24)
                                              Exp (24)
                                                ID: nsNMn1d2
                                              COMMA
                                              Args (24)
                                                Exp (24)
                                                  INT: 234
                                        RP
                                      RP
                                    AND
                                    Exp (24)
                                      ID: Ma_JrYW
                                      LP
                                      Args (24)
                                        Exp (24)
                                          MINUS
                                          Exp (24)
                                            Exp (24)
                                              ID: mRUFg
                                            DOT
                                            ID: sQ9IntH
                                        COMMA
                                        Args (24)
                                          Exp (24)
                                            Exp (24)
                                              INT: 3931
                                            LB
                                            Exp (24)
                                              ID: Amg8Njly
                                              LP
                                              RP
                                            RB
                                      RP
                                  AND
                                  Exp (24)
                                    Exp (24)
                                      Exp (24)
                                        FLOAT: 3.500000
                                      DOT
                                      ID: uPwWasWv
                                    RELOP
                                    Exp (24)
                                      FLOAT: 3109000.000000
                                SEMI
                              StmtList (25)
                                Stmt (25)
                                  IF
                                  LP
                                  Exp (25)
                                    FLOAT: 814.750000
                                  RP
                                  Stmt (25)
                                    Exp (25)
                                      Exp (25)
                                        ID: oVOmyXRxp
                                      LB
                                      Exp (25)
                                        Exp (25)
                                          INT: 20520
                                        OR
                                        Exp (25)
                                          Exp (25)
                                            INT: 397
                                          DIV
                                          Exp (25)
                                            FLOAT: 90.430000
                                      RB
                                    SEMI
                          RC
                      StmtList (27)
                        Stmt (27)
                          Exp (27)
                            ID: QqDDtaUElJ
                          SEMI
            RC
        ExtDefList (29)
          ExtDef (29)
            Specifier (29)
              TYPE: int
            ExtDecList (29)
              VarDec (29)
                ID: CFtuO_T9t
              COMMA
              ExtDecList (29)
                VarDec (29)
                  VarDec (29)
                    VarDec (29)
                      ID: CqxoHt
                    LB
                    INT: 344
                    RB
                  LB
                  INT: 2798
                  RB
            SEMI
