Error type B at Line 195: syntax error.
Error type B at Line 195: syntax error.
Error type B at Line 195: syntax error.
