Program (1)
  ExtDefList (1)
    ExtDef (1)
      Specifier (1)
        TYPE: float
      SEMI
    ExtDefList (2)
      ExtDef (2)
        Specifier (2)
          TYPE: float
        ExtDecList (2)
          VarDec (2)
            ID: Q9IcPakg
        SEMI
      ExtDefList (3)
        ExtDef (3)
          Specifier (3)
            TYPE: int
          SEMI
