Program (1)
  ExtDefList (1)
    ExtDef (1)
      Specifier (1)
        TYPE: int
      SEMI
    ExtDefList (2)
      ExtDef (2)
        Specifier (2)
          TYPE: float
        ExtDecList (2)
          VarDec (2)
            ID: OYg3Odtum
        SEMI
      ExtDefList (3)
        ExtDef (3)
          Specifier (3)
            StructSpecifier (3)
              STRUCT
              OptTag (3)
                ID: G73vMc3
              LC
              RC
          ExtDecList (5)
            VarDec (5)
              VarDec (5)
                ID: hx9orFM
              LB
              INT: 2934
              RB
          SEMI
